[ info ] Found local config at
         - /tmp/flux-application/projects/flux/pack.toml
         - /tmp/flux-application/projects/flux/platform/pack.toml
[ info ] Using package collection nightly-260906
[ info ] Installing libraries:
         - elin
         - cptr
         - posix
         - flux-async
         - flux
         - flux-platform
[ info ] Installing library (with sources): elin
[ build ] 1/5: Building Control.Monad.MErr (src/Control/Monad/MErr.idr)
[ build ] 2/5: Building Control.Monad.MCancel (src/Control/Monad/MCancel.idr)
[ build ] 3/5: Building Control.Monad.Resource (src/Control/Monad/Resource.idr)
[ build ] 4/5: Building Data.Linear.ELift1 (src/Data/Linear/ELift1.idr)
[ build ] 5/5: Building Control.Monad.Elin (src/Control/Monad/Elin.idr)
[ info ] Installing library (with sources): cptr
[ build ] make: Entering directory '/root/.cache/pack/.tmp0/cptr/codegen'
[ build ] cc -o integer_gen integer.c 
[ build ] make: Leaving directory '/root/.cache/pack/.tmp0/cptr/codegen'
[ build ] make: Entering directory '/root/.cache/pack/.tmp0/cptr/support'
[ build ] cc    -c -o cptr.o cptr.c
[ build ] cc -shared -o cptr-idris cptr.o 
[ build ] make: Leaving directory '/root/.cache/pack/.tmp0/cptr/support'
[ build ] 1/7: Building Data.C.Deref (src/Data/C/Deref.idr)
[ build ] 2/7: Building Data.C.Integer (src/Data/C/Integer.idr)
[ build ] 3/7: Building Data.C.SizeOf (src/Data/C/SizeOf.idr)
[ build ] 4/7: Building Data.C.Struct (src/Data/C/Struct.idr)
[ build ] 5/7: Building Data.C.Array (src/Data/C/Array.idr)
[ build ] 6/7: Building Data.C.Ptr (src/Data/C/Ptr.idr)
[ build ] 7/7: Building Data.C.Array8 (src/Data/C/Array8.idr)
[ info ] Installing library (with sources): posix
[ build ] make: Entering directory '/root/.cache/pack/.tmp0/posix/posix/codegen'
[ build ] cc -o error_gen error.c 
[ build ] cc -o flags_gen flags.c 
[ build ] cc -o whence_gen whence.c 
[ build ] cc -o limits_gen limits.c 
[ build ] cc -o filetype_gen filetype.c 
[ build ] cc -o signal_gen signal.c 
[ build ] cc -o poll_gen poll.c 
[ build ] cc -o process_gen process.c 
[ build ] cc -o time_gen time.c 
[ build ] cc -o timer_gen timer.c 
[ build ] cc -o pthreads_gen pthreads.c 
[ build ] cc -o socket_gen socket.c 
[ build ] make: Leaving directory '/root/.cache/pack/.tmp0/posix/posix/codegen'
[ build ] make: Entering directory '/root/.cache/pack/.tmp0/posix/posix/support'
[ build ] cc  -fPIC  -c -o posix.o posix.c
[ build ] cc -shared -o posix-idris posix.o 
[ build ] make: Leaving directory '/root/.cache/pack/.tmp0/posix/posix/support'
[ build ]  1/41: Building System.Posix.Limits (src/System/Posix/Limits.idr)
[ build ]  2/41: Building System.Posix.Errno.Type (src/System/Posix/Errno/Type.idr)
[ build ]  3/41: Building System.Posix.Errno (src/System/Posix/Errno.idr)
[ build ]  4/41: Building System.Posix.Timer.Types (src/System/Posix/Timer/Types.idr)
[ build ]  5/41: Building System.Posix.File.ReadRes (src/System/Posix/File/ReadRes.idr)
[ build ]  6/41: Building System.Posix.Time.Types (src/System/Posix/Time/Types.idr)
[ build ]  7/41: Building System.Posix.Time (src/System/Posix/Time.idr)
[ build ]  8/41: Building System.Posix.Timer.Prim (src/System/Posix/Timer/Prim.idr)
[ build ]  9/41: Building System.Posix.Timer (src/System/Posix/Timer.idr)
[ build ] 10/41: Building System.Posix.File.FileDesc (src/System/Posix/File/FileDesc.idr)
[ build ] 11/41: Building System.Posix.File.Flags (src/System/Posix/File/Flags.idr)
[ build ] 12/41: Building System.Posix.File.Whence (src/System/Posix/File/Whence.idr)
[ build ] 13/41: Building System.Posix.File.Prim (src/System/Posix/File/Prim.idr)
[ build ] 14/41: Building System.Posix.Socket.Types (src/System/Posix/Socket/Types.idr)
[ build ] 15/41: Building System.Posix.Socket.Struct (src/System/Posix/Socket/Struct.idr)
[ build ] 16/41: Building System.Posix.Socket.Prim (src/System/Posix/Socket/Prim.idr)
[ build ] 17/41: Building System.Posix.Socket (src/System/Posix/Socket.idr)
[ build ] 18/41: Building System.Posix.Pthreads.Types (src/System/Posix/Pthreads/Types.idr)
[ build ] 19/41: Building System.Posix.Pthreads.Struct (src/System/Posix/Pthreads/Struct.idr)
[ build ] 20/41: Building System.Posix.Signal.Types (src/System/Posix/Signal/Types.idr)
[ build ] 21/41: Building System.Posix.Signal.Struct (src/System/Posix/Signal/Struct.idr)
[ build ] 22/41: Building System.Posix.Signal.Prim (src/System/Posix/Signal/Prim.idr)
[ build ] 23/41: Building System.Posix.Signal (src/System/Posix/Signal.idr)
[ build ] 24/41: Building System.Posix.Pthreads.Prim (src/System/Posix/Pthreads/Prim.idr)
[ build ] 25/41: Building System.Posix.Pthreads (src/System/Posix/Pthreads.idr)
[ build ] 26/41: Building System.Posix.File (src/System/Posix/File.idr)
[ build ] 27/41: Building System.Posix.Process.Flags (src/System/Posix/Process/Flags.idr)
[ build ] 28/41: Building System.Posix.Process.ProcStatus (src/System/Posix/Process/ProcStatus.idr)
[ build ] 29/41: Building System.Posix.Process.Prim (src/System/Posix/Process/Prim.idr)
[ build ] 30/41: Building System.Posix.Process (src/System/Posix/Process.idr)
[ build ] 31/41: Building System.Posix.Poll.Types (src/System/Posix/Poll/Types.idr)
[ build ] 32/41: Building System.Posix.Poll.Struct (src/System/Posix/Poll/Struct.idr)
[ build ] 33/41: Building System.Posix.Poll.Prim (src/System/Posix/Poll/Prim.idr)
[ build ] 34/41: Building System.Posix.Poll (src/System/Posix/Poll.idr)
[ build ] 35/41: Building System.Posix.Pipe.Prim (src/System/Posix/Pipe/Prim.idr)
[ build ] 36/41: Building System.Posix.Pipe (src/System/Posix/Pipe.idr)
[ build ] 37/41: Building System.Posix.File.Type (src/System/Posix/File/Type.idr)
[ build ] 38/41: Building System.Posix.File.Stats (src/System/Posix/File/Stats.idr)
[ build ] 39/41: Building System.Posix.Dir.Dir (src/System/Posix/Dir/Dir.idr)
[ build ] 40/41: Building System.Posix.Dir.Prim (src/System/Posix/Dir/Prim.idr)
[ build ] 41/41: Building System.Posix.Dir (src/System/Posix/Dir.idr)
[ info ] Installing library (with sources): flux-async
[ build ] mkdir -p build/native lib
[ build ] cc -O2 -Wall -Wextra -Werror -std=c11 -pthread -shared -fPIC c/flux_native.c -o build/native/libflux_async.so
[ build ] cp build/native/libflux_async.so lib/
[ build ]  2/15: Building Flux.Async.Core (src/Flux/Async/Core.idr)
[ build ]  4/15: Building Flux.Async.Runner (src/Flux/Async/Runner.idr)
[ build ]  5/15: Building Flux.Async.Socket (src/Flux/Async/Socket.idr)
[ build ]  6/15: Building Flux.Async.Server (src/Flux/Async/Server.idr)
[ build ]  7/15: Building Flux.Stream.Core (src/Flux/Stream/Core.idr)
[ build ]  8/15: Building Flux.Stream.Pull (src/Flux/Stream/Pull.idr)
[ build ]  9/15: Building Flux.Stream.Chunk (src/Flux/Stream/Chunk.idr)
[ build ] 11/15: Building Flux.Stream.Bytes (src/Flux/Stream/Bytes.idr)
[ build ] 12/15: Building Flux.Stream.Resource (src/Flux/Stream/Resource.idr)
[ build ] 13/15: Building Flux.Stream (src/Flux/Stream.idr)
[ build ] 14/15: Building Flux.Stream.Posix (src/Flux/Stream/Posix.idr)
[ build ] 15/15: Building Flux.Stream.Socket (src/Flux/Stream/Socket.idr)
[ info ] Installing library (with sources): flux
[ build ]  1/16: Building Flux.Core.Runtime (src/Flux/Core/Runtime.idr)
[ build ]  3/16: Building Flux.Core.HTTP (src/Flux/Core/HTTP.idr)
[ build ]  4/16: Building Flux.Core.Router (src/Flux/Core/Router.idr)
[ build ]  5/16: Building Flux.Core.Middleware (src/Flux/Core/Middleware.idr)
[ build ]  6/16: Building Flux.Middleware.JSON (src/Flux/Middleware/JSON.idr)
[ build ]  7/16: Building Flux.Server.Logging (src/Flux/Server/Logging.idr)
[ build ]  8/16: Building Flux.Server.Health (src/Flux/Server/Health.idr)
[ build ] 10/16: Building Flux.Middleware.RequestId (src/Flux/Middleware/RequestId.idr)
[ build ] 11/16: Building Flux.Middleware.Timing (src/Flux/Middleware/Timing.idr)
[ build ] 12/16: Building Flux.Middleware.Cookies (src/Flux/Middleware/Cookies.idr)
[ build ] 13/16: Building Flux.Middleware.Internal.Random (src/Flux/Middleware/Internal/Random.idr)
[ build ] 14/16: Building Flux.Middleware.Session (src/Flux/Middleware/Session.idr)
[ build ] 15/16: Building Flux.Middleware.Static (src/Flux/Middleware/Static.idr)
[ build ] 16/16: Building Flux (src/Flux.idr)
[ info ] Installing library (with sources): flux-platform
[ build ] 1/1: Building Flux.Platform.Endpoint (src/Flux/Platform/Endpoint.idr)
[ build ] Warning: We are about to implicitly bind the following lowercase names.
[ build ] You may be unintentionally shadowing the associated global definitions:
[ build ]   request is shadowing Flux.Core.HTTP.request, Flux.Core.Middleware.Context.request
[ build ] 
[ build ] Flux.Platform.Endpoint:29:1--30:54
[ build ]  29 | rpcHandler : FromJSON request => ToJSON response =>
[ build ]  30 |              (request -> AppProg response) -> Handler
[ build ] 
[ info ] Building: platform-example
[ build ] 1/2: Building Protocol (Protocol.idr)
[ build ] 2/2: Building Main (Main.idr)
[ build ] Now compiling the executable: platform-example
[ info ] Found local config at
         - /tmp/flux-application/projects/flux/pack.toml
         - /tmp/flux-application/projects/flux/platform/pack.toml
[ info ] Using package collection nightly-260906
[ info ] Installing libraries:
         - nebula
         - idris2-pg-async
         - nebula-flux
         - todo-api
[ info ] Installing library (with sources): nebula
[ build ] 10/10: Building Data.PGMigration (src/Data/PGMigration.idr)
[ info ] Installing library (with sources): idris2-pg-async
[ build ] 1/1: Building Data.PGPool (src/Data/PGPool.idr)
[ info ] Installing library (with sources): nebula-flux
[ build ] 1/2: Building Nebula.Pool (src/Nebula/Pool.idr)
[ build ] 2/2: Building Nebula.PG (src/Nebula/PG.idr)
[ info ] Installing library (with sources): todo-api
[ build ] 2/8: Building Handlers.TypedQuery (src/Handlers/TypedQuery.idr)
[ build ] 3/8: Building TodoRepository (src/TodoRepository.idr)
[ build ] 4/8: Building Handlers.ActiveRecord (src/Handlers/ActiveRecord.idr)
[ build ] 5/8: Building TodoApi (src/TodoApi.idr)
[ build ] 7/8: Building Config (src/Config.idr)
[ build ] 8/8: Building Main (src/Main.idr)
[ build ] Now compiling the executable: todo-api
[ build ] Warning: compiling hole Helper.unimplementedEncode
[ info ] Building: platform-migration-test
[ build ] 1/1: Building MigrationTests (MigrationTests.idr)
[ build ] Now compiling the executable: platform-migration-test
[ build ] Warning: compiling hole Helper.unimplementedEncode
