OK connected
OK deriveSubset generates a working include-list companion type
OK createTableSql generates the expected DDL shape
OK customTable's columnDefaults generates a real DB-level DEFAULT
OK insert via the derived active-record layer
OK insert with a NULL field round-trips as Nothing
OK findById
OK findById returns Nothing (not an error) for a missing id
OK update (whole-record replace)
OK deleteById reports True for an existing id
OK deleteById reports False for an already-deleted id
OK compileQuery generates the expected SQL shape
OK selectAll (no condition) returns everything
OK where_ (==.) filters correctly
OK compound &&. with isNull filters correctly
OK isNotNull filters correctly
OK where_ (||.) combines conditions correctly
OK orderByAsc sorts ascending
OK orderByDesc sorts descending
OK limit/offset paginate correctly
OK selectQuery's LIMIT-as-placeholder design reuses one stmtCache entry across different limit values
OK repo.insert
OK repo.findById
OK repo.update
OK repo.query selectAll returns everything
OK repo.query with a condition filters correctly
OK repo.deleteById reports True for an existing id
OK repo.deleteById reports False for an already-deleted id
OK withTransactionRepos commit path: both rows are visible after commit (verified via a separate connection)
OK withTransactionRepos commit path: txStatus returns to Idle
OK withTransactionRepos rollback path: the deliberate error after a successful insert propagates out
OK withTransactionRepos rollback path: the row was NOT persisted (verified via a separate connection)
OK withTransactionRepos rollback path: txStatus returns to Idle
OK repo.insert with a String key
OK repo.findById with a String key
OK repo.findById with a String key returns Nothing for a missing slug
OK repo.deleteById reports True for an existing String key
OK repo.deleteById reports False for an already-deleted String key
OK done
