PASS migration fresh install
PASS migration replay is a no-op
PASS migration upgrade applies only pending version
PASS migration history drift rejected
PASS database ahead of application rejected
PASS failed migration reports failure
PASS failed migration rolls back data and preserves existing rows
PASS failed migration does not record its version
PASS concurrent migration runner fails closed on held lock
PASS migration succeeds after lock release and previous failure
PASS duplicate migration versions rejected
PASS transaction control rejected
PASS multiple statements in an entry rejected
PASS migration history remains usable after invalid SQL
All migration checks passed
PASS pooled create 0
PASS exact BIGINT 0
PASS pooled create 2
PASS exact BIGINT 2
PASS pooled create 4
PASS exact BIGINT 4
PASS pooled create 3
PASS exact BIGINT 3
PASS pooled create 5
PASS exact BIGINT 5
PASS pooled create 6
PASS exact BIGINT 6
PASS pooled create 7
PASS exact BIGINT 7
PASS pooled create 8
PASS exact BIGINT 8
PASS pooled create 9
PASS exact BIGINT 9
PASS pooled create 10
PASS exact BIGINT 10
PASS pooled create 11
PASS exact BIGINT 11
PASS pooled create 12
PASS exact BIGINT 12
PASS pooled create 13
PASS exact BIGINT 13
PASS pooled create 14
PASS exact BIGINT 14
PASS pooled create 15
PASS exact BIGINT 15
PASS pooled create 16
PASS exact BIGINT 16
PASS pooled create 17
PASS exact BIGINT 17
PASS pooled create 18
PASS exact BIGINT 18
PASS pooled create 19
PASS exact BIGINT 19
PASS pooled create 20
PASS exact BIGINT 20
PASS pooled create 21
PASS exact BIGINT 21
PASS pooled create 22
PASS exact BIGINT 22
PASS pooled create 23
PASS exact BIGINT 23
PASS pooled create 1
PASS exact BIGINT 1
PASS 24 distinct persisted identifiers
PASS pooled endpoint domain validation
PASS PostgreSQL independently confirms 24 persisted rows
PASS pooled generated endpoint clean shutdown
